// Vitest Snapshot v1, https://vitest.dev/guide/snapshot.html

exports[`Cart page > renders the Cart Page 1`] = `
<div>
  <div
    class="_container_bc0b15"
  >
    <main
      class="_cart_bc0b15"
    >
      <header
        class="_heading_bc0b15"
      >
        Shopping Cart
      </header>
      <p
        class="_message_bc0b15"
      >
        Add items to cart
      </p>
    </main>
    <div
      class="_button_bc0b15"
    />
  </div>
</div>
`;
