// Vitest Snapshot v1, https://vitest.dev/guide/snapshot.html

exports[`Home page > renders the Home Page 1`] = `
<div>
  <div
    class="_container_637b2f"
  >
    <div
      class="_content_637b2f"
    >
      <img
        alt="store banner"
        class="_banner_637b2f"
        src="/src/assets/clothes-line.jpg"
      />
      <main
        class="_message_637b2f"
      >
        <p>
          Welcome to my mock digital storefront!
        </p>
        <p
          class="_text_637b2f"
        >
          Here you can shop for items by adding them to your cart and completing your transaction. You can begin by pressing on shop in the top right corner to see the store page. Once items have been added to the cart you can click on the cart icon to see them displayed there. If you change your mind about an item you can always delete it from the cart befor completing your transaction.
        </p>
      </main>
    </div>
  </div>
</div>
`;
