// Vitest Snapshot v1, https://vitest.dev/guide/snapshot.html

exports[`Home page > renders the Home Page 1`] = `
<div>
  <div
    class="_container_4b21f0"
  >
    <main
      class="_store_4b21f0"
    >
      <header
        class="_heading_4b21f0"
      >
        Store
      </header>
      <div
        class="_items_4b21f0"
      >
        <p
          class="_message_4b21f0"
        >
          Loading items...
        </p>
      </div>
    </main>
  </div>
</div>
`;
